// Jest Snapshot v1, https://goo.gl/fbAQLP

exports[`<About /> 1`] = `
.emotion-2 {
  color: currentColor;
  -webkit-text-decoration: underline;
  text-decoration: underline;
}

.emotion-2:hover {
  -webkit-text-decoration: none;
  text-decoration: none;
}

.emotion-1 {
  position: relative;
  margin-top: 1em;
  margin-bottom: 1em;
  margin-left: 1.5ch;
  font-size: 1rem;
  font-weight: 700;
}

.emotion-1::before {
  position: absolute;
  left: -1.5ch;
  content: ">";
  color: #c0c0c0;
}

.emotion-0 {
  color: #c0c0c0;
  font-weight: 400;
}

<section>
  <h2
    className="emotion-1"
  >
    About 
    <small
      className="emotion-0"
    >
      (Location: Stockholm, Sweden)
    </small>
  </h2>
  <p>
    Fullstack web developer, specialized in React, Node.js, and GraphQL, with a strong focus on building scalable frontend architecture.
  </p>
  <p>
    Working as a web engineer at 
    <a
      className="emotion-2"
      href="https://twitter.com/SpotifyEng"
      rel="noopener noreferrer"
      target="_blank"
    >
      Spotify
    </a>
    .
  </p>
</section>
`;
