// Jest Snapshot v1, https://goo.gl/fbAQLP

exports[`<Loader /> 1`] = `
.emotion-3 {
  position: relative;
  display: block;
  margin-bottom: 1rem;
  text-align: left;
}

.emotion-0 {
  display: inline-block;
  width: 1ch;
  height: 1ch;
  margin-right: 0.75ch;
  border-radius: 100%;
  background-color: currentColor;
  will-change: transform;
  -webkit-animation: animation-1kr0zyd 1400ms ease-in-out 0ms infinite normal both running;
  animation: animation-1kr0zyd 1400ms ease-in-out 0ms infinite normal both running;
  -webkit-animation-delay: -320ms;
  animation-delay: -320ms;
}

.emotion-1 {
  display: inline-block;
  width: 1ch;
  height: 1ch;
  margin-right: 0.75ch;
  border-radius: 100%;
  background-color: currentColor;
  will-change: transform;
  -webkit-animation: animation-1kr0zyd 1400ms ease-in-out 0ms infinite normal both running;
  animation: animation-1kr0zyd 1400ms ease-in-out 0ms infinite normal both running;
  -webkit-animation-delay: -160ms;
  animation-delay: -160ms;
}

.emotion-2 {
  display: inline-block;
  width: 1ch;
  height: 1ch;
  margin-right: 0.75ch;
  border-radius: 100%;
  background-color: currentColor;
  will-change: transform;
  -webkit-animation: animation-1kr0zyd 1400ms ease-in-out 0ms infinite normal both running;
  animation: animation-1kr0zyd 1400ms ease-in-out 0ms infinite normal both running;
  -webkit-animation-delay: 0ms;
  animation-delay: 0ms;
}

<div
  className="emotion-3"
>
  <span
    className="emotion-0"
  />
  <span
    className="emotion-1"
  />
  <span
    className="emotion-2"
  />
</div>
`;
