// Jest Snapshot v1, https://goo.gl/fbAQLP

exports[`<Page /> 1`] = `
.emotion-3 {
  color: #fff;
  background-color: #000;
  margin-bottom: 1.45rem;
}

.emotion-2 {
  margin: 0 auto;
  max-width: 35rem;
  padding: 1.45rem 1.0875rem;
  padding-top: max(1.45rem,env(safe-area-inset-top));
  padding-left: max(1.0875rem,env(safe-area-inset-left));
  padding-right: max(1.0875rem,env(safe-area-inset-right));
}

.emotion-1 {
  font-size: 1rem;
  font-weight: 700;
  margin: 0px;
  text-transform: lowercase;
}

.emotion-0 {
  color: #fff;
  -webkit-text-decoration: none;
  text-decoration: none;
}

.emotion-5 {
  font-size: 100%;
  line-height: 1.5;
  font-family: Iosevka,monospace;
  color: #000;
}

.emotion-4 {
  margin: 0 auto;
  max-width: 35rem;
  padding: 0 0.9375rem 1.875rem;
  padding-left: max(0.9375rem,env(safe-area-inset-left));
  padding-right: max(0.9375rem,env(safe-area-inset-left));
  padding-bottom: max(1.875rem,env(safe-area-inset-bottom));
}

<div
  className="emotion-5"
>
  <header
    className="emotion-3"
  >
    <div
      className="emotion-2"
    >
      <h1
        className="emotion-1"
      >
        <a
          className="emotion-0"
          href="/"
          onClick={[Function]}
        >
          #!/Simon Kjellberg
        </a>
      </h1>
    </div>
  </header>
  <div
    className="emotion-4"
  />
</div>
`;
