// Jest Snapshot v1, https://goo.gl/fbAQLP

exports[`<Terminal /> 1`] = `
.emotion-5 {
  position: relative;
  display: -webkit-box;
  display: -webkit-flex;
  display: -ms-flexbox;
  display: flex;
  -webkit-flex-direction: column;
  -ms-flex-direction: column;
  flex-direction: column;
  margin: 1em auto;
  width: 100%;
  border-radius: 0.625rem;
  background-color: #0d1f2d;
}

.emotion-5:fullscreen {
  height: 100%;
  margin: 0px;
}

.emotion-5:-ms-fullscreen {
  height: 100%;
  margin: 0px;
}

.emotion-5:-moz-full-screen {
  height: 100%;
  margin: 0px;
}

.emotion-5:-webkit-full-screen {
  height: 100%;
  margin: 0px;
}

.emotion-3 {
  background-color: #e0e8f0;
  height: 1.875rem;
  border-top-left-radius: 0.5rem;
  border-top-right-radius: 0.5rem;
  padding: 0 0.625rem;
}

.emotion-0 {
  display: inline-block;
  width: 0.75rem;
  height: 0.75rem;
  padding: 0px;
  margin-top: 0.625rem;
  margin-right: 0.25rem;
  border-radius: 0.5rem;
  border: 1px solid transparent;
  background-color: #ff6057;
}

.emotion-0:focus {
  outline-style: none;
}

.emotion-0:focus {
  border-color: #ff180b;
}

.emotion-1 {
  display: inline-block;
  width: 0.75rem;
  height: 0.75rem;
  padding: 0px;
  margin-top: 0.625rem;
  margin-right: 0.25rem;
  border-radius: 0.5rem;
  border: 1px solid transparent;
  background-color: #ffbd2e;
}

.emotion-1:focus {
  outline-style: none;
}

.emotion-1:focus {
  border-color: #e19a00;
}

.emotion-2 {
  display: inline-block;
  width: 0.75rem;
  height: 0.75rem;
  padding: 0px;
  margin-top: 0.625rem;
  margin-right: 0.25rem;
  border-radius: 0.5rem;
  border: 1px solid transparent;
  background-color: #27c93f;
}

.emotion-2:focus {
  outline-style: none;
}

.emotion-2:focus {
  border-color: #1b892b;
}

.emotion-4 {
  display: -webkit-box;
  display: -webkit-flex;
  display: -ms-flexbox;
  display: flex;
  -webkit-flex-direction: column;
  -ms-flex-direction: column;
  flex-direction: column;
  position: relative;
  color: #f4faff;
  max-height: 25rem;
  margin: 0 0.625rem;
}

.emotion-5:fullscreen .emotion-4 {
  max-height: calc(100vh - 1.875rem);
}

.emotion-5:-ms-fullscreen .emotion-4 {
  max-height: calc(100vh - 1.875rem);
}

.emotion-5:-moz-full-screen .emotion-4 {
  max-height: calc(100vh - 1.875rem);
}

.emotion-5:-webkit-full-screen .emotion-4 {
  max-height: calc(100vh - 1.875rem);
}

<div
  className="emotion-5"
>
  <div
    className="emotion-3"
  >
    <button
      className="emotion-0"
    />
    <button
      className="emotion-1"
    />
    <button
      className="emotion-2"
      onClick={[Function]}
    />
  </div>
  <div
    className="emotion-4"
  >
    Hello world!
  </div>
</div>
`;
