// Jest Snapshot v1, https://goo.gl/fbAQLP

exports[`UnorderedList 1`] = `
.emotion-4 {
  list-style-type: none;
  padding: 0;
  margin-top: 1em;
  margin-bottom: 1em;
  margin-left: 1.5ch;
}

.emotion-0 {
  position: relative;
}

.emotion-0::before {
  content: "*";
  position: absolute;
  left: -1.5ch;
  color: #c0c0c0;
}

.emotion-0 > .emotion-4 {
  margin-top: 0;
  margin-bottom: 0;
}

<ul
  className="emotion-4"
>
  <li
    className="emotion-0"
  >
    Foo
  </li>
  <li
    className="emotion-0"
  >
    Bar
  </li>
  <li
    className="emotion-0"
  >
    <ul
      className="emotion-4"
    >
      Baz
      <li
        className="emotion-0"
      >
        Qux
      </li>
      <li
        className="emotion-0"
      >
        Quux
      </li>
    </ul>
  </li>
</ul>
`;
