// Jest Snapshot v1, https://goo.gl/fbAQLP

exports[`Theme 1`] = `
Object {
  "background": Object {
    "primary": "#fff",
    "secondary": "#000",
  },
  "code": Object {
    "background": "#f5f5f5",
    "border": "#c0c0c0",
    "color": Object {
      "block": "#000",
      "inline": "#b22222",
    },
  },
  "color": Object {
    "muted": "#c0c0c0",
    "primary": "#000",
    "secondary": "#fff",
  },
  "page": Object {
    "maxWidth": "35rem",
  },
  "quote": Object {
    "border": "#f5f5f5",
  },
  "scrollbar": Object {
    "thumb": Object {
      "color": "#c0c0c0",
      "radius": "0.1rem",
    },
    "track": Object {
      "color": "transparent",
    },
    "width": "0.2rem",
  },
  "terminal": Object {
    "content": Object {
      "color": "#f4faff",
      "maxHeight": "25rem",
    },
    "controls": Object {
      "close": Object {
        "backgroundColor": "#ff6057",
      },
      "maximize": Object {
        "backgroundColor": "#27c93f",
      },
      "minimize": Object {
        "backgroundColor": "#ffbd2e",
      },
    },
    "topbar": Object {
      "backgroundColor": "#e0e8f0",
      "height": "1.875rem",
    },
    "window": Object {
      "backgroundColor": "#0d1f2d",
    },
  },
}
`;
